Analysis & Synthesis report for DivSec
Sun Nov 24 21:43:02 2024
Quartus Prime Version 23.1std.1 Build 993 05/14/2024 SC Lite Edition


---------------------
; Table of Contents ;
---------------------
  1. Legal Notice
  2. Analysis & Synthesis Summary
  3. Analysis & Synthesis Settings
  4. Parallel Compilation
  5. Analysis & Synthesis Source Files Read
  6. Analysis & Synthesis Resource Usage Summary
  7. Analysis & Synthesis Resource Utilization by Entity
  8. Analysis & Synthesis RAM Summary
  9. Registers Removed During Synthesis
 10. Removed Registers Triggering Further Register Optimizations
 11. General Register Statistics
 12. Inverted Register Statistics
 13. Registers Packed Into Inferred Megafunctions
 14. Source assignments for altshift_taps:SignNum_rtl_0|shift_taps_ikm:auto_generated|altsyncram_c2b1:altsyncram2
 15. Parameter Settings for User Entity Instance: Top-level Entity: |Divisor_Segmentado
 16. Parameter Settings for Inferred Entity Instance: altshift_taps:SignNum_rtl_0
 17. altshift_taps Parameter Settings by Entity Instance
 18. Post-Synthesis Netlist Statistics for Top Partition
 19. Elapsed Time Per Partition
 20. Analysis & Synthesis Messages



----------------
; Legal Notice ;
----------------
Copyright (C) 2024  Intel Corporation. All rights reserved.
Your use of Intel Corporation's design tools, logic functions 
and other software and tools, and any partner logic 
functions, and any output files from any of the foregoing 
(including device programming or simulation files), and any 
associated documentation or information are expressly subject 
to the terms and conditions of the Intel Program License 
Subscription Agreement, the Intel Quartus Prime License Agreement,
the Intel FPGA IP License Agreement, or other applicable license
agreement, including, without limitation, that your use is for
the sole purpose of programming logic devices manufactured by
Intel and sold by Intel or its authorized distributors.  Please
refer to the applicable agreement for further details, at
https://fpgasoftware.intel.com/eula.



+-------------------------------------------------------------------------------------+
; Analysis & Synthesis Summary                                                        ;
+------------------------------------+------------------------------------------------+
; Analysis & Synthesis Status        ; Successful - Sun Nov 24 21:43:02 2024          ;
; Quartus Prime Version              ; 23.1std.1 Build 993 05/14/2024 SC Lite Edition ;
; Revision Name                      ; DivSec                                         ;
; Top-level Entity Name              ; Divisor_Segmentado                             ;
; Family                             ; Cyclone IV E                                   ;
; Total logic elements               ; 7,146                                          ;
;     Total combinational functions  ; 2,213                                          ;
;     Dedicated logic registers      ; 6,034                                          ;
; Total registers                    ; 6034                                           ;
; Total pins                         ; 132                                            ;
; Total virtual pins                 ; 0                                              ;
; Total memory bits                  ; 248                                            ;
; Embedded Multiplier 9-bit elements ; 0                                              ;
; Total PLLs                         ; 0                                              ;
+------------------------------------+------------------------------------------------+


+------------------------------------------------------------------------------------------------------------+
; Analysis & Synthesis Settings                                                                              ;
+------------------------------------------------------------------+--------------------+--------------------+
; Option                                                           ; Setting            ; Default Value      ;
+------------------------------------------------------------------+--------------------+--------------------+
; Device                                                           ; EP4CE115F29C7      ;                    ;
; Top-level entity name                                            ; Divisor_Segmentado ; DivSec             ;
; Family name                                                      ; Cyclone IV E       ; Cyclone V          ;
; Use smart compilation                                            ; Off                ; Off                ;
; Enable parallel Assembler and Timing Analyzer during compilation ; On                 ; On                 ;
; Enable compact report table                                      ; Off                ; Off                ;
; Restructure Multiplexers                                         ; Auto               ; Auto               ;
; Create Debugging Nodes for IP Cores                              ; Off                ; Off                ;
; Preserve fewer node names                                        ; On                 ; On                 ;
; Intel FPGA IP Evaluation Mode                                    ; Enable             ; Enable             ;
; Verilog Version                                                  ; Verilog_2001       ; Verilog_2001       ;
; VHDL Version                                                     ; VHDL_1993          ; VHDL_1993          ;
; State Machine Processing                                         ; Auto               ; Auto               ;
; Safe State Machine                                               ; Off                ; Off                ;
; Extract Verilog State Machines                                   ; On                 ; On                 ;
; Extract VHDL State Machines                                      ; On                 ; On                 ;
; Ignore Verilog initial constructs                                ; Off                ; Off                ;
; Iteration limit for constant Verilog loops                       ; 5000               ; 5000               ;
; Iteration limit for non-constant Verilog loops                   ; 250                ; 250                ;
; Add Pass-Through Logic to Inferred RAMs                          ; On                 ; On                 ;
; Infer RAMs from Raw Logic                                        ; On                 ; On                 ;
; Parallel Synthesis                                               ; On                 ; On                 ;
; DSP Block Balancing                                              ; Auto               ; Auto               ;
; NOT Gate Push-Back                                               ; On                 ; On                 ;
; Power-Up Don't Care                                              ; On                 ; On                 ;
; Remove Redundant Logic Cells                                     ; Off                ; Off                ;
; Remove Duplicate Registers                                       ; On                 ; On                 ;
; Ignore CARRY Buffers                                             ; Off                ; Off                ;
; Ignore CASCADE Buffers                                           ; Off                ; Off                ;
; Ignore GLOBAL Buffers                                            ; Off                ; Off                ;
; Ignore ROW GLOBAL Buffers                                        ; Off                ; Off                ;
; Ignore LCELL Buffers                                             ; Off                ; Off                ;
; Ignore SOFT Buffers                                              ; On                 ; On                 ;
; Limit AHDL Integers to 32 Bits                                   ; Off                ; Off                ;
; Optimization Technique                                           ; Balanced           ; Balanced           ;
; Carry Chain Length                                               ; 70                 ; 70                 ;
; Auto Carry Chains                                                ; On                 ; On                 ;
; Auto Open-Drain Pins                                             ; On                 ; On                 ;
; Perform WYSIWYG Primitive Resynthesis                            ; Off                ; Off                ;
; Auto ROM Replacement                                             ; On                 ; On                 ;
; Auto RAM Replacement                                             ; On                 ; On                 ;
; Auto DSP Block Replacement                                       ; On                 ; On                 ;
; Auto Shift Register Replacement                                  ; Auto               ; Auto               ;
; Allow Shift Register Merging across Hierarchies                  ; Auto               ; Auto               ;
; Auto Clock Enable Replacement                                    ; On                 ; On                 ;
; Strict RAM Replacement                                           ; Off                ; Off                ;
; Allow Synchronous Control Signals                                ; On                 ; On                 ;
; Force Use of Synchronous Clear Signals                           ; Off                ; Off                ;
; Auto RAM Block Balancing                                         ; On                 ; On                 ;
; Auto RAM to Logic Cell Conversion                                ; Off                ; Off                ;
; Auto Resource Sharing                                            ; Off                ; Off                ;
; Allow Any RAM Size For Recognition                               ; Off                ; Off                ;
; Allow Any ROM Size For Recognition                               ; Off                ; Off                ;
; Allow Any Shift Register Size For Recognition                    ; Off                ; Off                ;
; Use LogicLock Constraints during Resource Balancing              ; On                 ; On                 ;
; Ignore translate_off and synthesis_off directives                ; Off                ; Off                ;
; Timing-Driven Synthesis                                          ; On                 ; On                 ;
; Report Parameter Settings                                        ; On                 ; On                 ;
; Report Source Assignments                                        ; On                 ; On                 ;
; Report Connectivity Checks                                       ; On                 ; On                 ;
; Ignore Maximum Fan-Out Assignments                               ; Off                ; Off                ;
; Synchronization Register Chain Length                            ; 2                  ; 2                  ;
; Power Optimization During Synthesis                              ; Normal compilation ; Normal compilation ;
; HDL message level                                                ; Level2             ; Level2             ;
; Suppress Register Optimization Related Messages                  ; Off                ; Off                ;
; Number of Removed Registers Reported in Synthesis Report         ; 5000               ; 5000               ;
; Number of Swept Nodes Reported in Synthesis Report               ; 5000               ; 5000               ;
; Number of Inverted Registers Reported in Synthesis Report        ; 100                ; 100                ;
; Clock MUX Protection                                             ; On                 ; On                 ;
; Auto Gated Clock Conversion                                      ; Off                ; Off                ;
; Block Design Naming                                              ; Auto               ; Auto               ;
; SDC constraint protection                                        ; Off                ; Off                ;
; Synthesis Effort                                                 ; Auto               ; Auto               ;
; Shift Register Replacement - Allow Asynchronous Clear Signal     ; On                 ; On                 ;
; Pre-Mapping Resynthesis Optimization                             ; Off                ; Off                ;
; Analysis & Synthesis Message Level                               ; Medium             ; Medium             ;
; Disable Register Merging Across Hierarchies                      ; Auto               ; Auto               ;
; Resource Aware Inference For Block RAM                           ; On                 ; On                 ;
+------------------------------------------------------------------+--------------------+--------------------+


+------------------------------------------+
; Parallel Compilation                     ;
+----------------------------+-------------+
; Processors                 ; Number      ;
+----------------------------+-------------+
; Number detected on machine ; 12          ;
; Maximum allowed            ; 6           ;
;                            ;             ;
; Average used               ; 1.01        ;
; Maximum used               ; 6           ;
;                            ;             ;
; Usage by Processor         ; % Time Used ;
;     Processor 1            ; 100.0%      ;
;     Processor 2            ;   0.1%      ;
;     Processor 3            ;   0.1%      ;
;     Processor 4            ;   0.1%      ;
;     Processor 5            ;   0.1%      ;
;     Processor 6            ;   0.1%      ;
+----------------------------+-------------+


+---------------------------------------------------------------------------------------------------------------------------------------------------------------------------+
; Analysis & Synthesis Source Files Read                                                                                                                                    ;
+----------------------------------+-----------------+------------------------------+-----------------------------------------------------------------------------+---------+
; File Name with User-Entered Path ; Used in Netlist ; File Type                    ; File Name with Absolute Path                                                ; Library ;
+----------------------------------+-----------------+------------------------------+-----------------------------------------------------------------------------+---------+
; Divisor_Segmentado.sv            ; yes             ; User SystemVerilog HDL File  ; C:/Users/danma/Desktop/v1.6Q/Divisor_Segmentado.sv                          ;         ;
; altshift_taps.tdf                ; yes             ; Megafunction                 ; c:/intelfpga_lite/23.1std/quartus/libraries/megafunctions/altshift_taps.tdf ;         ;
; altdpram.inc                     ; yes             ; Megafunction                 ; c:/intelfpga_lite/23.1std/quartus/libraries/megafunctions/altdpram.inc      ;         ;
; lpm_counter.inc                  ; yes             ; Megafunction                 ; c:/intelfpga_lite/23.1std/quartus/libraries/megafunctions/lpm_counter.inc   ;         ;
; lpm_compare.inc                  ; yes             ; Megafunction                 ; c:/intelfpga_lite/23.1std/quartus/libraries/megafunctions/lpm_compare.inc   ;         ;
; lpm_constant.inc                 ; yes             ; Megafunction                 ; c:/intelfpga_lite/23.1std/quartus/libraries/megafunctions/lpm_constant.inc  ;         ;
; db/shift_taps_ikm.tdf            ; yes             ; Auto-Generated Megafunction  ; C:/Users/danma/Desktop/v1.6Q/db/shift_taps_ikm.tdf                          ;         ;
; db/altsyncram_c2b1.tdf           ; yes             ; Auto-Generated Megafunction  ; C:/Users/danma/Desktop/v1.6Q/db/altsyncram_c2b1.tdf                         ;         ;
; db/cntr_vqf.tdf                  ; yes             ; Auto-Generated Megafunction  ; C:/Users/danma/Desktop/v1.6Q/db/cntr_vqf.tdf                                ;         ;
; db/cmpr_sgc.tdf                  ; yes             ; Auto-Generated Megafunction  ; C:/Users/danma/Desktop/v1.6Q/db/cmpr_sgc.tdf                                ;         ;
; db/cntr_lah.tdf                  ; yes             ; Auto-Generated Megafunction  ; C:/Users/danma/Desktop/v1.6Q/db/cntr_lah.tdf                                ;         ;
+----------------------------------+-----------------+------------------------------+-----------------------------------------------------------------------------+---------+


+---------------------------------------------------------+
; Analysis & Synthesis Resource Usage Summary             ;
+---------------------------------------------+-----------+
; Resource                                    ; Usage     ;
+---------------------------------------------+-----------+
; Estimated Total logic elements              ; 7,146     ;
;                                             ;           ;
; Total combinational functions               ; 2213      ;
; Logic element usage by number of LUT inputs ;           ;
;     -- 4 input functions                    ; 17        ;
;     -- 3 input functions                    ; 1987      ;
;     -- <=2 input functions                  ; 209       ;
;                                             ;           ;
; Logic elements by mode                      ;           ;
;     -- normal mode                          ; 155       ;
;     -- arithmetic mode                      ; 2058      ;
;                                             ;           ;
; Total registers                             ; 6034      ;
;     -- Dedicated logic registers            ; 6034      ;
;     -- I/O registers                        ; 0         ;
;                                             ;           ;
; I/O pins                                    ; 132       ;
; Total memory bits                           ; 248       ;
;                                             ;           ;
; Embedded Multiplier 9-bit elements          ; 0         ;
;                                             ;           ;
; Maximum fan-out node                        ; CLK~input ;
; Maximum fan-out                             ; 6038      ;
; Total fan-out                               ; 26791     ;
; Average fan-out                             ; 3.15      ;
+---------------------------------------------+-----------+


+---------------------------------------------------------------------------------------------------------------------------------------------------------------------------------------------------------------------------------------------------------------------------------------------------------------------+
; Analysis & Synthesis Resource Utilization by Entity                                                                                                                                                                                                                                                                 ;
+----------------------------------------+---------------------+---------------------------+-------------+--------------+---------+-----------+------+--------------+-------------------------------------------------------------------------------------------------------------+--------------------+--------------+
; Compilation Hierarchy Node             ; Combinational ALUTs ; Dedicated Logic Registers ; Memory Bits ; DSP Elements ; DSP 9x9 ; DSP 18x18 ; Pins ; Virtual Pins ; Full Hierarchy Name                                                                                         ; Entity Name        ; Library Name ;
+----------------------------------------+---------------------+---------------------------+-------------+--------------+---------+-----------+------+--------------+-------------------------------------------------------------------------------------------------------------+--------------------+--------------+
; |Divisor_Segmentado                    ; 2213 (2191)         ; 6034 (6021)               ; 248         ; 0            ; 0       ; 0         ; 132  ; 0            ; |Divisor_Segmentado                                                                                         ; Divisor_Segmentado ; work         ;
;    |altshift_taps:SignNum_rtl_0|       ; 22 (0)              ; 13 (0)                    ; 248         ; 0            ; 0       ; 0         ; 0    ; 0            ; |Divisor_Segmentado|altshift_taps:SignNum_rtl_0                                                             ; altshift_taps      ; work         ;
;       |shift_taps_ikm:auto_generated|  ; 22 (0)              ; 13 (1)                    ; 248         ; 0            ; 0       ; 0         ; 0    ; 0            ; |Divisor_Segmentado|altshift_taps:SignNum_rtl_0|shift_taps_ikm:auto_generated                               ; shift_taps_ikm     ; work         ;
;          |altsyncram_c2b1:altsyncram2| ; 0 (0)               ; 0 (0)                     ; 248         ; 0            ; 0       ; 0         ; 0    ; 0            ; |Divisor_Segmentado|altshift_taps:SignNum_rtl_0|shift_taps_ikm:auto_generated|altsyncram_c2b1:altsyncram2   ; altsyncram_c2b1    ; work         ;
;          |cntr_lah:cntr3|              ; 7 (7)               ; 6 (6)                     ; 0           ; 0            ; 0       ; 0         ; 0    ; 0            ; |Divisor_Segmentado|altshift_taps:SignNum_rtl_0|shift_taps_ikm:auto_generated|cntr_lah:cntr3                ; cntr_lah           ; work         ;
;          |cntr_vqf:cntr1|              ; 15 (13)             ; 6 (6)                     ; 0           ; 0            ; 0       ; 0         ; 0    ; 0            ; |Divisor_Segmentado|altshift_taps:SignNum_rtl_0|shift_taps_ikm:auto_generated|cntr_vqf:cntr1                ; cntr_vqf           ; work         ;
;             |cmpr_sgc:cmpr6|           ; 2 (2)               ; 0 (0)                     ; 0           ; 0            ; 0       ; 0         ; 0    ; 0            ; |Divisor_Segmentado|altshift_taps:SignNum_rtl_0|shift_taps_ikm:auto_generated|cntr_vqf:cntr1|cmpr_sgc:cmpr6 ; cmpr_sgc           ; work         ;
+----------------------------------------+---------------------+---------------------------+-------------+--------------+---------+-----------+------+--------------+-------------------------------------------------------------------------------------------------------------+--------------------+--------------+
Note: For table entries with two numbers listed, the numbers in parentheses indicate the number of resources of the given type used by the specific entity alone. The numbers listed outside of parentheses indicate the total resources of the given type used by the specific entity and all of its sub-entities in the hierarchy.


+------------------------------------------------------------------------------------------------------------------------------------------------------------------------------------------------------+
; Analysis & Synthesis RAM Summary                                                                                                                                                                     ;
+--------------------------------------------------------------------------------------------------+------+------------------+--------------+--------------+--------------+--------------+------+------+
; Name                                                                                             ; Type ; Mode             ; Port A Depth ; Port A Width ; Port B Depth ; Port B Width ; Size ; MIF  ;
+--------------------------------------------------------------------------------------------------+------+------------------+--------------+--------------+--------------+--------------+------+------+
; altshift_taps:SignNum_rtl_0|shift_taps_ikm:auto_generated|altsyncram_c2b1:altsyncram2|ALTSYNCRAM ; AUTO ; Simple Dual Port ; 62           ; 4            ; 62           ; 4            ; 248  ; None ;
+--------------------------------------------------------------------------------------------------+------+------------------+--------------+--------------+--------------+--------------+------+------+


+---------------------------------------------------------------------------------+
; Registers Removed During Synthesis                                              ;
+----------------------------------------+----------------------------------------+
; Register name                          ; Reason for Removal                     ;
+----------------------------------------+----------------------------------------+
; ACCU[64][30]                           ; Stuck at GND due to stuck port data_in ;
; ACCU[64][29]                           ; Stuck at GND due to stuck port data_in ;
; ACCU[64][28]                           ; Stuck at GND due to stuck port data_in ;
; ACCU[64][27]                           ; Stuck at GND due to stuck port data_in ;
; ACCU[64][26]                           ; Stuck at GND due to stuck port data_in ;
; ACCU[64][25]                           ; Stuck at GND due to stuck port data_in ;
; ACCU[64][24]                           ; Stuck at GND due to stuck port data_in ;
; ACCU[64][23]                           ; Stuck at GND due to stuck port data_in ;
; ACCU[64][22]                           ; Stuck at GND due to stuck port data_in ;
; ACCU[64][21]                           ; Stuck at GND due to stuck port data_in ;
; ACCU[64][20]                           ; Stuck at GND due to stuck port data_in ;
; ACCU[64][19]                           ; Stuck at GND due to stuck port data_in ;
; ACCU[64][18]                           ; Stuck at GND due to stuck port data_in ;
; ACCU[64][17]                           ; Stuck at GND due to stuck port data_in ;
; ACCU[64][16]                           ; Stuck at GND due to stuck port data_in ;
; ACCU[64][15]                           ; Stuck at GND due to stuck port data_in ;
; ACCU[64][14]                           ; Stuck at GND due to stuck port data_in ;
; ACCU[64][13]                           ; Stuck at GND due to stuck port data_in ;
; ACCU[64][12]                           ; Stuck at GND due to stuck port data_in ;
; ACCU[64][11]                           ; Stuck at GND due to stuck port data_in ;
; ACCU[64][10]                           ; Stuck at GND due to stuck port data_in ;
; ACCU[64][9]                            ; Stuck at GND due to stuck port data_in ;
; ACCU[64][8]                            ; Stuck at GND due to stuck port data_in ;
; ACCU[64][7]                            ; Stuck at GND due to stuck port data_in ;
; ACCU[64][6]                            ; Stuck at GND due to stuck port data_in ;
; ACCU[64][5]                            ; Stuck at GND due to stuck port data_in ;
; ACCU[64][4]                            ; Stuck at GND due to stuck port data_in ;
; ACCU[64][3]                            ; Stuck at GND due to stuck port data_in ;
; ACCU[64][2]                            ; Stuck at GND due to stuck port data_in ;
; ACCU[64][1]                            ; Stuck at GND due to stuck port data_in ;
; ACCU[64][0]                            ; Stuck at GND due to stuck port data_in ;
; ACCU[63][31]                           ; Stuck at GND due to stuck port data_in ;
; ACCU[63][30]                           ; Stuck at GND due to stuck port data_in ;
; ACCU[63][29]                           ; Stuck at GND due to stuck port data_in ;
; ACCU[63][28]                           ; Stuck at GND due to stuck port data_in ;
; ACCU[63][27]                           ; Stuck at GND due to stuck port data_in ;
; ACCU[63][26]                           ; Stuck at GND due to stuck port data_in ;
; ACCU[63][25]                           ; Stuck at GND due to stuck port data_in ;
; ACCU[63][24]                           ; Stuck at GND due to stuck port data_in ;
; ACCU[63][23]                           ; Stuck at GND due to stuck port data_in ;
; ACCU[63][22]                           ; Stuck at GND due to stuck port data_in ;
; ACCU[63][21]                           ; Stuck at GND due to stuck port data_in ;
; ACCU[63][20]                           ; Stuck at GND due to stuck port data_in ;
; ACCU[63][19]                           ; Stuck at GND due to stuck port data_in ;
; ACCU[63][18]                           ; Stuck at GND due to stuck port data_in ;
; ACCU[63][17]                           ; Stuck at GND due to stuck port data_in ;
; ACCU[63][16]                           ; Stuck at GND due to stuck port data_in ;
; ACCU[63][15]                           ; Stuck at GND due to stuck port data_in ;
; ACCU[63][14]                           ; Stuck at GND due to stuck port data_in ;
; ACCU[63][13]                           ; Stuck at GND due to stuck port data_in ;
; ACCU[63][12]                           ; Stuck at GND due to stuck port data_in ;
; ACCU[63][11]                           ; Stuck at GND due to stuck port data_in ;
; ACCU[63][10]                           ; Stuck at GND due to stuck port data_in ;
; ACCU[63][9]                            ; Stuck at GND due to stuck port data_in ;
; ACCU[63][8]                            ; Stuck at GND due to stuck port data_in ;
; ACCU[63][7]                            ; Stuck at GND due to stuck port data_in ;
; ACCU[63][6]                            ; Stuck at GND due to stuck port data_in ;
; ACCU[63][5]                            ; Stuck at GND due to stuck port data_in ;
; ACCU[63][4]                            ; Stuck at GND due to stuck port data_in ;
; ACCU[63][3]                            ; Stuck at GND due to stuck port data_in ;
; ACCU[63][2]                            ; Stuck at GND due to stuck port data_in ;
; ACCU[63][1]                            ; Stuck at GND due to stuck port data_in ;
; Q[63][0]                               ; Stuck at GND due to stuck port data_in ;
; Q[61][0]                               ; Stuck at GND due to stuck port data_in ;
; Q[59][0]                               ; Stuck at GND due to stuck port data_in ;
; Q[57][0]                               ; Stuck at GND due to stuck port data_in ;
; Q[55][0]                               ; Stuck at GND due to stuck port data_in ;
; Q[53][0]                               ; Stuck at GND due to stuck port data_in ;
; Q[51][0]                               ; Stuck at GND due to stuck port data_in ;
; Q[49][0]                               ; Stuck at GND due to stuck port data_in ;
; Q[47][0]                               ; Stuck at GND due to stuck port data_in ;
; Q[45][0]                               ; Stuck at GND due to stuck port data_in ;
; Q[43][0]                               ; Stuck at GND due to stuck port data_in ;
; Q[41][0]                               ; Stuck at GND due to stuck port data_in ;
; Q[39][0]                               ; Stuck at GND due to stuck port data_in ;
; Q[37][0]                               ; Stuck at GND due to stuck port data_in ;
; Q[35][0]                               ; Stuck at GND due to stuck port data_in ;
; Q[33][0]                               ; Stuck at GND due to stuck port data_in ;
; Q[31][0]                               ; Stuck at GND due to stuck port data_in ;
; Q[29][0]                               ; Stuck at GND due to stuck port data_in ;
; Q[27][0]                               ; Stuck at GND due to stuck port data_in ;
; Q[25][0]                               ; Stuck at GND due to stuck port data_in ;
; Q[23][0]                               ; Stuck at GND due to stuck port data_in ;
; Q[21][0]                               ; Stuck at GND due to stuck port data_in ;
; Q[19][0]                               ; Stuck at GND due to stuck port data_in ;
; Q[17][0]                               ; Stuck at GND due to stuck port data_in ;
; Q[15][0]                               ; Stuck at GND due to stuck port data_in ;
; Q[13][0]                               ; Stuck at GND due to stuck port data_in ;
; Q[11][0]                               ; Stuck at GND due to stuck port data_in ;
; Q[9][0]                                ; Stuck at GND due to stuck port data_in ;
; Q[7][0]                                ; Stuck at GND due to stuck port data_in ;
; Q[5][0]                                ; Stuck at GND due to stuck port data_in ;
; Q[3][0]                                ; Stuck at GND due to stuck port data_in ;
; Q[1][0]                                ; Stuck at GND due to stuck port data_in ;
; Total Number of Removed Registers = 94 ;                                        ;
+----------------------------------------+----------------------------------------+


+------------------------------------------------------------------------------------+
; Removed Registers Triggering Further Register Optimizations                        ;
+---------------+---------------------------+----------------------------------------+
; Register name ; Reason for Removal        ; Registers Removed due to This Register ;
+---------------+---------------------------+----------------------------------------+
; ACCU[64][30]  ; Stuck at GND              ; ACCU[63][31]                           ;
;               ; due to stuck port data_in ;                                        ;
; ACCU[64][29]  ; Stuck at GND              ; ACCU[63][30]                           ;
;               ; due to stuck port data_in ;                                        ;
; ACCU[64][28]  ; Stuck at GND              ; ACCU[63][29]                           ;
;               ; due to stuck port data_in ;                                        ;
; ACCU[64][27]  ; Stuck at GND              ; ACCU[63][28]                           ;
;               ; due to stuck port data_in ;                                        ;
; ACCU[64][26]  ; Stuck at GND              ; ACCU[63][27]                           ;
;               ; due to stuck port data_in ;                                        ;
; ACCU[64][25]  ; Stuck at GND              ; ACCU[63][26]                           ;
;               ; due to stuck port data_in ;                                        ;
; ACCU[64][24]  ; Stuck at GND              ; ACCU[63][25]                           ;
;               ; due to stuck port data_in ;                                        ;
; ACCU[64][23]  ; Stuck at GND              ; ACCU[63][24]                           ;
;               ; due to stuck port data_in ;                                        ;
; ACCU[64][22]  ; Stuck at GND              ; ACCU[63][23]                           ;
;               ; due to stuck port data_in ;                                        ;
; ACCU[64][21]  ; Stuck at GND              ; ACCU[63][22]                           ;
;               ; due to stuck port data_in ;                                        ;
; ACCU[64][20]  ; Stuck at GND              ; ACCU[63][21]                           ;
;               ; due to stuck port data_in ;                                        ;
; ACCU[64][19]  ; Stuck at GND              ; ACCU[63][20]                           ;
;               ; due to stuck port data_in ;                                        ;
; ACCU[64][18]  ; Stuck at GND              ; ACCU[63][19]                           ;
;               ; due to stuck port data_in ;                                        ;
; ACCU[64][17]  ; Stuck at GND              ; ACCU[63][18]                           ;
;               ; due to stuck port data_in ;                                        ;
; ACCU[64][16]  ; Stuck at GND              ; ACCU[63][17]                           ;
;               ; due to stuck port data_in ;                                        ;
; ACCU[64][15]  ; Stuck at GND              ; ACCU[63][16]                           ;
;               ; due to stuck port data_in ;                                        ;
; ACCU[64][14]  ; Stuck at GND              ; ACCU[63][15]                           ;
;               ; due to stuck port data_in ;                                        ;
; ACCU[64][13]  ; Stuck at GND              ; ACCU[63][14]                           ;
;               ; due to stuck port data_in ;                                        ;
; ACCU[64][12]  ; Stuck at GND              ; ACCU[63][13]                           ;
;               ; due to stuck port data_in ;                                        ;
; ACCU[64][11]  ; Stuck at GND              ; ACCU[63][12]                           ;
;               ; due to stuck port data_in ;                                        ;
; ACCU[64][10]  ; Stuck at GND              ; ACCU[63][11]                           ;
;               ; due to stuck port data_in ;                                        ;
; ACCU[64][9]   ; Stuck at GND              ; ACCU[63][10]                           ;
;               ; due to stuck port data_in ;                                        ;
; ACCU[64][8]   ; Stuck at GND              ; ACCU[63][9]                            ;
;               ; due to stuck port data_in ;                                        ;
; ACCU[64][7]   ; Stuck at GND              ; ACCU[63][8]                            ;
;               ; due to stuck port data_in ;                                        ;
; ACCU[64][6]   ; Stuck at GND              ; ACCU[63][7]                            ;
;               ; due to stuck port data_in ;                                        ;
; ACCU[64][5]   ; Stuck at GND              ; ACCU[63][6]                            ;
;               ; due to stuck port data_in ;                                        ;
; ACCU[64][4]   ; Stuck at GND              ; ACCU[63][5]                            ;
;               ; due to stuck port data_in ;                                        ;
; ACCU[64][3]   ; Stuck at GND              ; ACCU[63][4]                            ;
;               ; due to stuck port data_in ;                                        ;
; ACCU[64][2]   ; Stuck at GND              ; ACCU[63][3]                            ;
;               ; due to stuck port data_in ;                                        ;
; ACCU[64][1]   ; Stuck at GND              ; ACCU[63][2]                            ;
;               ; due to stuck port data_in ;                                        ;
; ACCU[64][0]   ; Stuck at GND              ; ACCU[63][1]                            ;
;               ; due to stuck port data_in ;                                        ;
+---------------+---------------------------+----------------------------------------+


+------------------------------------------------------+
; General Register Statistics                          ;
+----------------------------------------------+-------+
; Statistic                                    ; Value ;
+----------------------------------------------+-------+
; Total registers                              ; 6034  ;
; Number of registers using Synchronous Clear  ; 0     ;
; Number of registers using Synchronous Load   ; 1025  ;
; Number of registers using Asynchronous Clear ; 6028  ;
; Number of registers using Asynchronous Load  ; 0     ;
; Number of registers using Clock Enable       ; 6     ;
; Number of registers using Preset             ; 0     ;
+----------------------------------------------+-------+


+---------------------------------------------------------------------------+
; Inverted Register Statistics                                              ;
+-----------------------------------------------------------------+---------+
; Inverted Register                                               ; Fan out ;
+-----------------------------------------------------------------+---------+
; altshift_taps:SignNum_rtl_0|shift_taps_ikm:auto_generated|dffe4 ; 4       ;
; Total number of inverted registers = 1                          ;         ;
+-----------------------------------------------------------------+---------+


+-----------------------------------------------+
; Registers Packed Into Inferred Megafunctions  ;
+------------------+---------------+------------+
; Register Name    ; Megafunction  ; Type       ;
+------------------+---------------+------------+
; SignNum[0..63]   ; SignNum_rtl_0 ; SHIFT_TAPS ;
; SignDen[0..63]   ; SignNum_rtl_0 ; SHIFT_TAPS ;
; Start_aux[0..63] ; SignNum_rtl_0 ; SHIFT_TAPS ;
; ACCU[1][0]       ; SignNum_rtl_0 ; SHIFT_TAPS ;
; Q[64][0]         ; SignNum_rtl_0 ; SHIFT_TAPS ;
; Q[62,63][1]      ; SignNum_rtl_0 ; SHIFT_TAPS ;
; Q[60,61][2]      ; SignNum_rtl_0 ; SHIFT_TAPS ;
; Q[58,59][3]      ; SignNum_rtl_0 ; SHIFT_TAPS ;
; Q[56,57][4]      ; SignNum_rtl_0 ; SHIFT_TAPS ;
; Q[54,55][5]      ; SignNum_rtl_0 ; SHIFT_TAPS ;
; Q[52,53][6]      ; SignNum_rtl_0 ; SHIFT_TAPS ;
; Q[50,51][7]      ; SignNum_rtl_0 ; SHIFT_TAPS ;
; Q[48,49][8]      ; SignNum_rtl_0 ; SHIFT_TAPS ;
; Q[46,47][9]      ; SignNum_rtl_0 ; SHIFT_TAPS ;
; Q[44,45][10]     ; SignNum_rtl_0 ; SHIFT_TAPS ;
; Q[42,43][11]     ; SignNum_rtl_0 ; SHIFT_TAPS ;
; Q[40,41][12]     ; SignNum_rtl_0 ; SHIFT_TAPS ;
; Q[38,39][13]     ; SignNum_rtl_0 ; SHIFT_TAPS ;
; Q[36,37][14]     ; SignNum_rtl_0 ; SHIFT_TAPS ;
; Q[34,35][15]     ; SignNum_rtl_0 ; SHIFT_TAPS ;
; Q[32,33][16]     ; SignNum_rtl_0 ; SHIFT_TAPS ;
; Q[30,31][17]     ; SignNum_rtl_0 ; SHIFT_TAPS ;
; Q[28,29][18]     ; SignNum_rtl_0 ; SHIFT_TAPS ;
; Q[26,27][19]     ; SignNum_rtl_0 ; SHIFT_TAPS ;
; Q[24,25][20]     ; SignNum_rtl_0 ; SHIFT_TAPS ;
; Q[22,23][21]     ; SignNum_rtl_0 ; SHIFT_TAPS ;
; Q[20,21][22]     ; SignNum_rtl_0 ; SHIFT_TAPS ;
; Q[18,19][23]     ; SignNum_rtl_0 ; SHIFT_TAPS ;
; Q[16,17][24]     ; SignNum_rtl_0 ; SHIFT_TAPS ;
; Q[14,15][25]     ; SignNum_rtl_0 ; SHIFT_TAPS ;
; Q[12,13][26]     ; SignNum_rtl_0 ; SHIFT_TAPS ;
; Q[10,11][27]     ; SignNum_rtl_0 ; SHIFT_TAPS ;
; Q[8,9][28]       ; SignNum_rtl_0 ; SHIFT_TAPS ;
; Q[6,7][29]       ; SignNum_rtl_0 ; SHIFT_TAPS ;
; Q[4,5][30]       ; SignNum_rtl_0 ; SHIFT_TAPS ;
; Q[2,3][31]       ; SignNum_rtl_0 ; SHIFT_TAPS ;
+------------------+---------------+------------+


+--------------------------------------------------------------------------------------------------------------+
; Source assignments for altshift_taps:SignNum_rtl_0|shift_taps_ikm:auto_generated|altsyncram_c2b1:altsyncram2 ;
+---------------------------------+--------------------+------+------------------------------------------------+
; Assignment                      ; Value              ; From ; To                                             ;
+---------------------------------+--------------------+------+------------------------------------------------+
; OPTIMIZE_POWER_DURING_SYNTHESIS ; NORMAL_COMPILATION ; -    ; -                                              ;
+---------------------------------+--------------------+------+------------------------------------------------+


+------------------------------------------------------------------------------------+
; Parameter Settings for User Entity Instance: Top-level Entity: |Divisor_Segmentado ;
+----------------+-------+-----------------------------------------------------------+
; Parameter Name ; Value ; Type                                                      ;
+----------------+-------+-----------------------------------------------------------+
; tamanyo        ; 32    ; Signed Integer                                            ;
+----------------+-------+-----------------------------------------------------------+
Note: In order to hide this table in the UI and the text report file, please set the "Show Parameter Settings in Synthesis Report" option in "Analysis and Synthesis Settings -> More Settings" to "Off".


+------------------------------------------------------------------------------+
; Parameter Settings for Inferred Entity Instance: altshift_taps:SignNum_rtl_0 ;
+----------------+----------------+--------------------------------------------+
; Parameter Name ; Value          ; Type                                       ;
+----------------+----------------+--------------------------------------------+
; WIDTH_BYTEENA  ; 1              ; Untyped                                    ;
; NUMBER_OF_TAPS ; 1              ; Untyped                                    ;
; TAP_DISTANCE   ; 64             ; Untyped                                    ;
; WIDTH          ; 4              ; Untyped                                    ;
; POWER_UP_STATE ; CLEARED        ; Untyped                                    ;
; CBXI_PARAMETER ; shift_taps_ikm ; Untyped                                    ;
+----------------+----------------+--------------------------------------------+
Note: In order to hide this table in the UI and the text report file, please set the "Show Parameter Settings in Synthesis Report" option in "Analysis and Synthesis Settings -> More Settings" to "Off".


+----------------------------------------------------------+
; altshift_taps Parameter Settings by Entity Instance      ;
+----------------------------+-----------------------------+
; Name                       ; Value                       ;
+----------------------------+-----------------------------+
; Number of entity instances ; 1                           ;
; Entity Instance            ; altshift_taps:SignNum_rtl_0 ;
;     -- NUMBER_OF_TAPS      ; 1                           ;
;     -- TAP_DISTANCE        ; 64                          ;
;     -- WIDTH               ; 4                           ;
+----------------------------+-----------------------------+


+-----------------------------------------------------+
; Post-Synthesis Netlist Statistics for Top Partition ;
+-----------------------+-----------------------------+
; Type                  ; Count                       ;
+-----------------------+-----------------------------+
; boundary_port         ; 132                         ;
; cycloneiii_ff         ; 6034                        ;
;     CLR               ; 4997                        ;
;     CLR SLD           ; 1025                        ;
;     ENA CLR           ; 6                           ;
;     plain             ; 6                           ;
; cycloneiii_lcell_comb ; 2213                        ;
;     arith             ; 2058                        ;
;         1 data inputs ; 1                           ;
;         2 data inputs ; 102                         ;
;         3 data inputs ; 1955                        ;
;     normal            ; 155                         ;
;         0 data inputs ; 3                           ;
;         1 data inputs ; 35                          ;
;         2 data inputs ; 68                          ;
;         3 data inputs ; 32                          ;
;         4 data inputs ; 17                          ;
; cycloneiii_ram_block  ; 4                           ;
;                       ;                             ;
; Max LUT depth         ; 5.10                        ;
; Average LUT depth     ; 2.17                        ;
+-----------------------+-----------------------------+


+-------------------------------+
; Elapsed Time Per Partition    ;
+----------------+--------------+
; Partition Name ; Elapsed Time ;
+----------------+--------------+
; Top            ; 00:00:06     ;
+----------------+--------------+


+-------------------------------+
; Analysis & Synthesis Messages ;
+-------------------------------+
Info: *******************************************************************
Info: Running Quartus Prime Analysis & Synthesis
    Info: Version 23.1std.1 Build 993 05/14/2024 SC Lite Edition
    Info: Processing started: Sun Nov 24 21:42:40 2024
Info: Command: quartus_map --read_settings_files=on --write_settings_files=off DivSec -c DivSec
Warning (18236): Number of processors has not been specified which may cause overloading on shared machines.  Set the global assignment NUM_PARALLEL_PROCESSORS in your QSF to an appropriate value for best performance.
Info (20030): Parallel compilation is enabled and will use 6 of the 6 processors detected
Info (12021): Found 1 design units, including 1 entities, in source file divisor_segmentado.sv
    Info (12023): Found entity 1: Divisor_Segmentado File: C:/Users/danma/Desktop/v1.6Q/Divisor_Segmentado.sv Line: 20
Info (12021): Found 1 design units, including 1 entities, in source file divisor_algoritmico.sv
    Info (12023): Found entity 1: Divisor_Algoritmico File: C:/Users/danma/Desktop/v1.6Q/Divisor_Algoritmico.sv Line: 20
Info (12127): Elaborating entity "Divisor_Segmentado" for the top level hierarchy
Info (19000): Inferred 1 megafunctions from design logic
    Info (276034): Inferred altshift_taps megafunction from the following design logic: "SignNum_rtl_0"
        Info (286033): Parameter NUMBER_OF_TAPS set to 1
        Info (286033): Parameter TAP_DISTANCE set to 64
        Info (286033): Parameter WIDTH set to 4
Info (12130): Elaborated megafunction instantiation "altshift_taps:SignNum_rtl_0"
Info (12133): Instantiated megafunction "altshift_taps:SignNum_rtl_0" with the following parameter:
    Info (12134): Parameter "NUMBER_OF_TAPS" = "1"
    Info (12134): Parameter "TAP_DISTANCE" = "64"
    Info (12134): Parameter "WIDTH" = "4"
Info (12021): Found 1 design units, including 1 entities, in source file db/shift_taps_ikm.tdf
    Info (12023): Found entity 1: shift_taps_ikm File: C:/Users/danma/Desktop/v1.6Q/db/shift_taps_ikm.tdf Line: 29
Info (12021): Found 1 design units, including 1 entities, in source file db/altsyncram_c2b1.tdf
    Info (12023): Found entity 1: altsyncram_c2b1 File: C:/Users/danma/Desktop/v1.6Q/db/altsyncram_c2b1.tdf Line: 28
Info (12021): Found 1 design units, including 1 entities, in source file db/cntr_vqf.tdf
    Info (12023): Found entity 1: cntr_vqf File: C:/Users/danma/Desktop/v1.6Q/db/cntr_vqf.tdf Line: 28
Info (12021): Found 1 design units, including 1 entities, in source file db/cmpr_sgc.tdf
    Info (12023): Found entity 1: cmpr_sgc File: C:/Users/danma/Desktop/v1.6Q/db/cmpr_sgc.tdf Line: 23
Info (12021): Found 1 design units, including 1 entities, in source file db/cntr_lah.tdf
    Info (12023): Found entity 1: cntr_lah File: C:/Users/danma/Desktop/v1.6Q/db/cntr_lah.tdf Line: 26
Info (13000): Registers with preset signals will power-up high File: C:/Users/danma/Desktop/v1.6Q/db/shift_taps_ikm.tdf Line: 39
Info (13003): DEV_CLRn pin will set, and not reset, register with preset signal due to NOT Gate Push-Back
Info (286030): Timing-Driven Synthesis is running
Info (16010): Generating hard_block partition "hard_block:auto_generated_inst"
    Info (16011): Adding 0 node(s), including 0 DDIO, 0 PLL, 0 transceiver and 0 LCELL
Info (21057): Implemented 7283 device resources after synthesis - the final resource count might be different
    Info (21058): Implemented 67 input pins
    Info (21059): Implemented 65 output pins
    Info (21061): Implemented 7147 logic cells
    Info (21064): Implemented 4 RAM segments
Info: Quartus Prime Analysis & Synthesis was successful. 0 errors, 1 warning
    Info: Peak virtual memory: 4848 megabytes
    Info: Processing ended: Sun Nov 24 21:43:02 2024
    Info: Elapsed time: 00:00:22
    Info: Total CPU time (on all processors): 00:00:31


