------------------------------------------------------------
Timing Analyzer Summary
------------------------------------------------------------

Type  : Slow 1200mV 85C Model Setup 'CLK'
Slack : -5.365
TNS   : -6149.546

Type  : Slow 1200mV 85C Model Hold 'CLK'
Slack : 0.411
TNS   : 0.000

Type  : Slow 1200mV 85C Model Recovery 'CLK'
Slack : -0.975
TNS   : -3.900

Type  : Slow 1200mV 85C Model Removal 'CLK'
Slack : 1.406
TNS   : 0.000

Type  : Slow 1200mV 85C Model Minimum Pulse Width 'CLK'
Slack : -3.000
TNS   : -7775.541

Type  : Slow 1200mV 0C Model Setup 'CLK'
Slack : -4.730
TNS   : -5221.977

Type  : Slow 1200mV 0C Model Hold 'CLK'
Slack : 0.357
TNS   : 0.000

Type  : Slow 1200mV 0C Model Recovery 'CLK'
Slack : -0.809
TNS   : -3.236

Type  : Slow 1200mV 0C Model Removal 'CLK'
Slack : 1.270
TNS   : 0.000

Type  : Slow 1200mV 0C Model Minimum Pulse Width 'CLK'
Slack : -3.000
TNS   : -7775.233

Type  : Fast 1200mV 0C Model Setup 'CLK'
Slack : -2.209
TNS   : -1808.032

Type  : Fast 1200mV 0C Model Hold 'CLK'
Slack : 0.165
TNS   : 0.000

Type  : Fast 1200mV 0C Model Recovery 'CLK'
Slack : 0.034
TNS   : 0.000

Type  : Fast 1200mV 0C Model Removal 'CLK'
Slack : 0.667
TNS   : 0.000

Type  : Fast 1200mV 0C Model Minimum Pulse Width 'CLK'
Slack : -3.000
TNS   : -6439.764

------------------------------------------------------------
