Analysis & Elaboration report for FIFO
Thu Sep 19 20:17:31 2024
Quartus Prime Version 17.1.0 Build 590 10/25/2017 SJ Lite Edition


---------------------
; Table of Contents ;
---------------------
  1. Legal Notice
  2. Analysis & Elaboration Summary
  3. Parallel Compilation
  4. Analysis & Elaboration Settings
  5. Analysis & Elaboration Messages
  6. Analysis & Elaboration Suppressed Messages



----------------
; Legal Notice ;
----------------
Copyright (C) 2017  Intel Corporation. All rights reserved.
Your use of Intel Corporation's design tools, logic functions 
and other software and tools, and its AMPP partner logic 
functions, and any output files from any of the foregoing 
(including device programming or simulation files), and any 
associated documentation or information are expressly subject 
to the terms and conditions of the Intel Program License 
Subscription Agreement, the Intel Quartus Prime License Agreement,
the Intel FPGA IP License Agreement, or other applicable license
agreement, including, without limitation, that your use is for
the sole purpose of programming logic devices manufactured by
Intel and sold by Intel or its authorized distributors.  Please
refer to the applicable agreement for further details.



+----------------------------------------------------------------------------------+
; Analysis & Elaboration Summary                                                   ;
+------------------------------------+---------------------------------------------+
; Analysis & Elaboration Status      ; Failed - Thu Sep 19 20:17:31 2024           ;
; Quartus Prime Version              ; 17.1.0 Build 590 10/25/2017 SJ Lite Edition ;
; Revision Name                      ; FIFO                                        ;
; Top-level Entity Name              ; FIFO                                        ;
; Family                             ; Cyclone IV E                                ;
; Total logic elements               ; N/A until Partition Merge                   ;
;     Total combinational functions  ; N/A until Partition Merge                   ;
;     Dedicated logic registers      ; N/A until Partition Merge                   ;
; Total registers                    ; N/A until Partition Merge                   ;
; Total pins                         ; N/A until Partition Merge                   ;
; Total virtual pins                 ; N/A until Partition Merge                   ;
; Total memory bits                  ; N/A until Partition Merge                   ;
; Embedded Multiplier 9-bit elements ; N/A until Partition Merge                   ;
; Total PLLs                         ; N/A until Partition Merge                   ;
+------------------------------------+---------------------------------------------+


+------------------------------------------+
; Parallel Compilation                     ;
+----------------------------+-------------+
; Processors                 ; Number      ;
+----------------------------+-------------+
; Number detected on machine ; 16          ;
; Maximum allowed            ; 8           ;
;                            ;             ;
; Average used               ; 1.00        ;
; Maximum used               ; 1           ;
;                            ;             ;
; Usage by Processor         ; % Time Used ;
;     Processor 1            ; 100.0%      ;
+----------------------------+-------------+


+----------------------------------------------------------------------------------------------------------------------+
; Analysis & Elaboration Settings                                                                                      ;
+----------------------------------------------------------------------------+--------------------+--------------------+
; Option                                                                     ; Setting            ; Default Value      ;
+----------------------------------------------------------------------------+--------------------+--------------------+
; Device                                                                     ; EP4CE115F29C7      ;                    ;
; Top-level entity name                                                      ; FIFO               ; FIFO               ;
; Family name                                                                ; Cyclone IV E       ; Cyclone V          ;
; Use smart compilation                                                      ; Off                ; Off                ;
; Enable parallel Assembler and TimeQuest Timing Analyzer during compilation ; On                 ; On                 ;
; Enable compact report table                                                ; Off                ; Off                ;
; Restructure Multiplexers                                                   ; Auto               ; Auto               ;
; Create Debugging Nodes for IP Cores                                        ; Off                ; Off                ;
; Preserve fewer node names                                                  ; On                 ; On                 ;
; Intel FPGA IP Evaluation Mode                                              ; Enable             ; Enable             ;
; Verilog Version                                                            ; Verilog_2001       ; Verilog_2001       ;
; VHDL Version                                                               ; VHDL_1993          ; VHDL_1993          ;
; State Machine Processing                                                   ; Auto               ; Auto               ;
; Safe State Machine                                                         ; Off                ; Off                ;
; Extract Verilog State Machines                                             ; On                 ; On                 ;
; Extract VHDL State Machines                                                ; On                 ; On                 ;
; Ignore Verilog initial constructs                                          ; Off                ; Off                ;
; Iteration limit for constant Verilog loops                                 ; 5000               ; 5000               ;
; Iteration limit for non-constant Verilog loops                             ; 250                ; 250                ;
; Add Pass-Through Logic to Inferred RAMs                                    ; On                 ; On                 ;
; Infer RAMs from Raw Logic                                                  ; On                 ; On                 ;
; Parallel Synthesis                                                         ; On                 ; On                 ;
; DSP Block Balancing                                                        ; Auto               ; Auto               ;
; NOT Gate Push-Back                                                         ; On                 ; On                 ;
; Power-Up Don't Care                                                        ; On                 ; On                 ;
; Remove Redundant Logic Cells                                               ; Off                ; Off                ;
; Remove Duplicate Registers                                                 ; On                 ; On                 ;
; Ignore CARRY Buffers                                                       ; Off                ; Off                ;
; Ignore CASCADE Buffers                                                     ; Off                ; Off                ;
; Ignore GLOBAL Buffers                                                      ; Off                ; Off                ;
; Ignore ROW GLOBAL Buffers                                                  ; Off                ; Off                ;
; Ignore LCELL Buffers                                                       ; Off                ; Off                ;
; Ignore SOFT Buffers                                                        ; On                 ; On                 ;
; Limit AHDL Integers to 32 Bits                                             ; Off                ; Off                ;
; Optimization Technique                                                     ; Balanced           ; Balanced           ;
; Carry Chain Length                                                         ; 70                 ; 70                 ;
; Auto Carry Chains                                                          ; On                 ; On                 ;
; Auto Open-Drain Pins                                                       ; On                 ; On                 ;
; Perform WYSIWYG Primitive Resynthesis                                      ; Off                ; Off                ;
; Auto ROM Replacement                                                       ; On                 ; On                 ;
; Auto RAM Replacement                                                       ; On                 ; On                 ;
; Auto DSP Block Replacement                                                 ; On                 ; On                 ;
; Auto Shift Register Replacement                                            ; Auto               ; Auto               ;
; Allow Shift Register Merging across Hierarchies                            ; Auto               ; Auto               ;
; Auto Clock Enable Replacement                                              ; On                 ; On                 ;
; Strict RAM Replacement                                                     ; Off                ; Off                ;
; Allow Synchronous Control Signals                                          ; On                 ; On                 ;
; Force Use of Synchronous Clear Signals                                     ; Off                ; Off                ;
; Auto RAM Block Balancing                                                   ; On                 ; On                 ;
; Auto RAM to Logic Cell Conversion                                          ; Off                ; Off                ;
; Auto Resource Sharing                                                      ; Off                ; Off                ;
; Allow Any RAM Size For Recognition                                         ; Off                ; Off                ;
; Allow Any ROM Size For Recognition                                         ; Off                ; Off                ;
; Allow Any Shift Register Size For Recognition                              ; Off                ; Off                ;
; Use LogicLock Constraints during Resource Balancing                        ; On                 ; On                 ;
; Ignore translate_off and synthesis_off directives                          ; Off                ; Off                ;
; Timing-Driven Synthesis                                                    ; On                 ; On                 ;
; Report Parameter Settings                                                  ; On                 ; On                 ;
; Report Source Assignments                                                  ; On                 ; On                 ;
; Report Connectivity Checks                                                 ; On                 ; On                 ;
; Ignore Maximum Fan-Out Assignments                                         ; Off                ; Off                ;
; Synchronization Register Chain Length                                      ; 2                  ; 2                  ;
; Power Optimization During Synthesis                                        ; Normal compilation ; Normal compilation ;
; HDL message level                                                          ; Level2             ; Level2             ;
; Suppress Register Optimization Related Messages                            ; Off                ; Off                ;
; Number of Removed Registers Reported in Synthesis Report                   ; 5000               ; 5000               ;
; Number of Swept Nodes Reported in Synthesis Report                         ; 5000               ; 5000               ;
; Number of Inverted Registers Reported in Synthesis Report                  ; 100                ; 100                ;
; Clock MUX Protection                                                       ; On                 ; On                 ;
; Auto Gated Clock Conversion                                                ; Off                ; Off                ;
; Block Design Naming                                                        ; Auto               ; Auto               ;
; SDC constraint protection                                                  ; Off                ; Off                ;
; Synthesis Effort                                                           ; Auto               ; Auto               ;
; Shift Register Replacement - Allow Asynchronous Clear Signal               ; On                 ; On                 ;
; Pre-Mapping Resynthesis Optimization                                       ; Off                ; Off                ;
; Analysis & Synthesis Message Level                                         ; Medium             ; Medium             ;
; Disable Register Merging Across Hierarchies                                ; Auto               ; Auto               ;
; Resource Aware Inference For Block RAM                                     ; On                 ; On                 ;
+----------------------------------------------------------------------------+--------------------+--------------------+


+---------------------------------+
; Analysis & Elaboration Messages ;
+---------------------------------+
Warning (18236): Number of processors has not been specified which may cause overloading on shared machines.  Set the global assignment NUM_PARALLEL_PROCESSORS in your QSF to an appropriate value for best performance.
Info (20030): Parallel compilation is enabled and will use 8 of the 8 processors detected
Error (10170): Verilog HDL syntax error at CONTROLPATH.v(19) near text: ".";  expecting ";". Check for and fix any syntax errors that appear immediately before or at the specified keyword. The Intel FPGA Knowledge Database contains many articles with specific details on how to resolve this error. Visit the Knowledge Database at https://www.altera.com/support/support-resources/knowledge-base/search.html and search for this specific error message number. File: C:/Users/danmayoral/Documents/Isdigi/Práctica 1/v1.0/Fifo/CONTROLPATH.v Line: 19
Error (10112): Ignored design unit "CONTROLPATH" at CONTROLPATH.v(18) due to previous errors File: C:/Users/danmayoral/Documents/Isdigi/Práctica 1/v1.0/Fifo/CONTROLPATH.v Line: 18
Info (12021): Found 0 design units, including 0 entities, in source file controlpath.v
Error (10170): Verilog HDL syntax error at counter.v(33) near text: "!";  expecting ")". Check for and fix any syntax errors that appear immediately before or at the specified keyword. The Intel FPGA Knowledge Database contains many articles with specific details on how to resolve this error. Visit the Knowledge Database at https://www.altera.com/support/support-resources/knowledge-base/search.html and search for this specific error message number. File: C:/Users/danmayoral/Documents/Isdigi/Práctica 1/v1.0/Fifo/counter.v Line: 33
Error (10112): Ignored design unit "counter" at counter.v(18) due to previous errors File: C:/Users/danmayoral/Documents/Isdigi/Práctica 1/v1.0/Fifo/counter.v Line: 18
Info (12021): Found 0 design units, including 0 entities, in source file counter.v
Info (12021): Found 1 design units, including 1 entities, in source file lleno.v
    Info (12023): Found entity 1: lleno File: C:/Users/danmayoral/Documents/Isdigi/Práctica 1/v1.0/Fifo/lleno.v Line: 1
Info (12021): Found 1 design units, including 1 entities, in source file otros.v
    Info (12023): Found entity 1: otros File: C:/Users/danmayoral/Documents/Isdigi/Práctica 1/v1.0/Fifo/otros.v Line: 1
Error (10170): Verilog HDL syntax error at ram_dp.v(12) near text: "@";  expecting ".", or "(". Check for and fix any syntax errors that appear immediately before or at the specified keyword. The Intel FPGA Knowledge Database contains many articles with specific details on how to resolve this error. Visit the Knowledge Database at https://www.altera.com/support/support-resources/knowledge-base/search.html and search for this specific error message number. File: C:/Users/danmayoral/Documents/Isdigi/Práctica 1/v1.0/Fifo/ram_dp.v Line: 12
Error (10112): Ignored design unit "ram_dp" at ram_dp.v(1) due to previous errors File: C:/Users/danmayoral/Documents/Isdigi/Práctica 1/v1.0/Fifo/ram_dp.v Line: 1
Info (12021): Found 0 design units, including 0 entities, in source file ram_dp.v
Error (10170): Verilog HDL syntax error at shifter_2d_var.v(13) near text: "@";  expecting ".", or "(". Check for and fix any syntax errors that appear immediately before or at the specified keyword. The Intel FPGA Knowledge Database contains many articles with specific details on how to resolve this error. Visit the Knowledge Database at https://www.altera.com/support/support-resources/knowledge-base/search.html and search for this specific error message number. File: C:/Users/danmayoral/Documents/Isdigi/Práctica 1/v1.0/Fifo/shifter_2d_var.v Line: 13
Error (10149): Verilog HDL Declaration error at shifter_2d_var.v(23): identifier "aux" is already declared in the present scope File: C:/Users/danmayoral/Documents/Isdigi/Práctica 1/v1.0/Fifo/shifter_2d_var.v Line: 23
Error (10170): Verilog HDL syntax error at shifter_2d_var.v(23) near text: "}";  expecting ";". Check for and fix any syntax errors that appear immediately before or at the specified keyword. The Intel FPGA Knowledge Database contains many articles with specific details on how to resolve this error. Visit the Knowledge Database at https://www.altera.com/support/support-resources/knowledge-base/search.html and search for this specific error message number. File: C:/Users/danmayoral/Documents/Isdigi/Práctica 1/v1.0/Fifo/shifter_2d_var.v Line: 23
Error (10170): Verilog HDL syntax error at shifter_2d_var.v(24) near text: "<=";  expecting ".", or an identifier. Check for and fix any syntax errors that appear immediately before or at the specified keyword. The Intel FPGA Knowledge Database contains many articles with specific details on how to resolve this error. Visit the Knowledge Database at https://www.altera.com/support/support-resources/knowledge-base/search.html and search for this specific error message number. File: C:/Users/danmayoral/Documents/Isdigi/Práctica 1/v1.0/Fifo/shifter_2d_var.v Line: 24
Error (10149): Verilog HDL Declaration error at shifter_2d_var.v(27): identifier "aux" is already declared in the present scope File: C:/Users/danmayoral/Documents/Isdigi/Práctica 1/v1.0/Fifo/shifter_2d_var.v Line: 27
Error (10170): Verilog HDL syntax error at shifter_2d_var.v(27) near text: "}";  expecting ";". Check for and fix any syntax errors that appear immediately before or at the specified keyword. The Intel FPGA Knowledge Database contains many articles with specific details on how to resolve this error. Visit the Knowledge Database at https://www.altera.com/support/support-resources/knowledge-base/search.html and search for this specific error message number. File: C:/Users/danmayoral/Documents/Isdigi/Práctica 1/v1.0/Fifo/shifter_2d_var.v Line: 27
Error (10112): Ignored design unit "shifter_2d_var" at shifter_2d_var.v(1) due to previous errors File: C:/Users/danmayoral/Documents/Isdigi/Práctica 1/v1.0/Fifo/shifter_2d_var.v Line: 1
Info (12021): Found 0 design units, including 0 entities, in source file shifter_2d_var.v
Error (10170): Verilog HDL syntax error at vacio.v(44) near text: ")";  expecting an operand. Check for and fix any syntax errors that appear immediately before or at the specified keyword. The Intel FPGA Knowledge Database contains many articles with specific details on how to resolve this error. Visit the Knowledge Database at https://www.altera.com/support/support-resources/knowledge-base/search.html and search for this specific error message number. File: C:/Users/danmayoral/Documents/Isdigi/Práctica 1/v1.0/Fifo/vacio.v Line: 44
Error (10170): Verilog HDL syntax error at vacio.v(51) near text: ")";  expecting an operand. Check for and fix any syntax errors that appear immediately before or at the specified keyword. The Intel FPGA Knowledge Database contains many articles with specific details on how to resolve this error. Visit the Knowledge Database at https://www.altera.com/support/support-resources/knowledge-base/search.html and search for this specific error message number. File: C:/Users/danmayoral/Documents/Isdigi/Práctica 1/v1.0/Fifo/vacio.v Line: 51
Error (10170): Verilog HDL syntax error at vacio.v(58) near text: ")";  expecting an operand. Check for and fix any syntax errors that appear immediately before or at the specified keyword. The Intel FPGA Knowledge Database contains many articles with specific details on how to resolve this error. Visit the Knowledge Database at https://www.altera.com/support/support-resources/knowledge-base/search.html and search for this specific error message number. File: C:/Users/danmayoral/Documents/Isdigi/Práctica 1/v1.0/Fifo/vacio.v Line: 58
Error (10170): Verilog HDL syntax error at vacio.v(65) near text: ")";  expecting an operand. Check for and fix any syntax errors that appear immediately before or at the specified keyword. The Intel FPGA Knowledge Database contains many articles with specific details on how to resolve this error. Visit the Knowledge Database at https://www.altera.com/support/support-resources/knowledge-base/search.html and search for this specific error message number. File: C:/Users/danmayoral/Documents/Isdigi/Práctica 1/v1.0/Fifo/vacio.v Line: 65
Error (10149): Verilog HDL Declaration error at vacio.v(78): identifier "s1" is already declared in the present scope File: C:/Users/danmayoral/Documents/Isdigi/Práctica 1/v1.0/Fifo/vacio.v Line: 78
Error (10170): Verilog HDL syntax error at vacio.v(79) near text: ":";  expecting "<=", or "=". Check for and fix any syntax errors that appear immediately before or at the specified keyword. The Intel FPGA Knowledge Database contains many articles with specific details on how to resolve this error. Visit the Knowledge Database at https://www.altera.com/support/support-resources/knowledge-base/search.html and search for this specific error message number. File: C:/Users/danmayoral/Documents/Isdigi/Práctica 1/v1.0/Fifo/vacio.v Line: 79
Error (10112): Ignored design unit "vacio" at vacio.v(17) due to previous errors File: C:/Users/danmayoral/Documents/Isdigi/Práctica 1/v1.0/Fifo/vacio.v Line: 17
Info (12021): Found 0 design units, including 0 entities, in source file vacio.v
Error (10170): Verilog HDL syntax error at FSM.v(44) near text: ")";  expecting an operand. Check for and fix any syntax errors that appear immediately before or at the specified keyword. The Intel FPGA Knowledge Database contains many articles with specific details on how to resolve this error. Visit the Knowledge Database at https://www.altera.com/support/support-resources/knowledge-base/search.html and search for this specific error message number. File: C:/Users/danmayoral/Documents/Isdigi/Práctica 1/v1.0/Fifo/FSM.v Line: 44
Error (10170): Verilog HDL syntax error at FSM.v(51) near text: ")";  expecting an operand. Check for and fix any syntax errors that appear immediately before or at the specified keyword. The Intel FPGA Knowledge Database contains many articles with specific details on how to resolve this error. Visit the Knowledge Database at https://www.altera.com/support/support-resources/knowledge-base/search.html and search for this specific error message number. File: C:/Users/danmayoral/Documents/Isdigi/Práctica 1/v1.0/Fifo/FSM.v Line: 51
Error (10170): Verilog HDL syntax error at FSM.v(58) near text: ")";  expecting an operand. Check for and fix any syntax errors that appear immediately before or at the specified keyword. The Intel FPGA Knowledge Database contains many articles with specific details on how to resolve this error. Visit the Knowledge Database at https://www.altera.com/support/support-resources/knowledge-base/search.html and search for this specific error message number. File: C:/Users/danmayoral/Documents/Isdigi/Práctica 1/v1.0/Fifo/FSM.v Line: 58
Error (10170): Verilog HDL syntax error at FSM.v(65) near text: ")";  expecting an operand. Check for and fix any syntax errors that appear immediately before or at the specified keyword. The Intel FPGA Knowledge Database contains many articles with specific details on how to resolve this error. Visit the Knowledge Database at https://www.altera.com/support/support-resources/knowledge-base/search.html and search for this specific error message number. File: C:/Users/danmayoral/Documents/Isdigi/Práctica 1/v1.0/Fifo/FSM.v Line: 65
Error (10149): Verilog HDL Declaration error at FSM.v(78): identifier "s1" is already declared in the present scope File: C:/Users/danmayoral/Documents/Isdigi/Práctica 1/v1.0/Fifo/FSM.v Line: 78
Error (10170): Verilog HDL syntax error at FSM.v(79) near text: ":";  expecting "<=", or "=". Check for and fix any syntax errors that appear immediately before or at the specified keyword. The Intel FPGA Knowledge Database contains many articles with specific details on how to resolve this error. Visit the Knowledge Database at https://www.altera.com/support/support-resources/knowledge-base/search.html and search for this specific error message number. File: C:/Users/danmayoral/Documents/Isdigi/Práctica 1/v1.0/Fifo/FSM.v Line: 79
Error (10112): Ignored design unit "FSM" at FSM.v(17) due to previous errors File: C:/Users/danmayoral/Documents/Isdigi/Práctica 1/v1.0/Fifo/FSM.v Line: 17
Info (12021): Found 0 design units, including 0 entities, in source file fsm.v
Info (144001): Generated suppressed messages file C:/Users/danmayoral/Documents/Isdigi/Práctica 1/v1.0/Fifo/output_files/FIFO.map.smsg


+--------------------------------------------+
; Analysis & Elaboration Suppressed Messages ;
+--------------------------------------------+
The suppressed messages can be found in C:/Users/danmayoral/Documents/Isdigi/Práctica 1/v1.0/Fifo/output_files/FIFO.map.smsg.


